stm32f429i_discovery_lcd.c:153:9:BSP_LCD_Init	8	static
stm32f429i_discovery_lcd.c:236:10:BSP_LCD_GetXSize	8	static
stm32f429i_discovery_lcd.c:245:10:BSP_LCD_GetYSize	8	static
stm32f429i_discovery_lcd.c:255:6:BSP_LCD_LayerDefaultInit	72	static
stm32f429i_discovery_lcd.c:290:6:BSP_LCD_SelectLayer	16	static
stm32f429i_discovery_lcd.c:301:6:BSP_LCD_SetLayerVisible	16	static
stm32f429i_discovery_lcd.c:323:6:BSP_LCD_SetLayerVisible_NoReload	16	static
stm32f429i_discovery_lcd.c:342:6:BSP_LCD_SetTransparency	16	static
stm32f429i_discovery_lcd.c:354:6:BSP_LCD_SetTransparency_NoReload	16	static
stm32f429i_discovery_lcd.c:364:6:BSP_LCD_SetLayerAddress	16	static
stm32f429i_discovery_lcd.c:375:6:BSP_LCD_SetLayerAddress_NoReload	16	static
stm32f429i_discovery_lcd.c:388:6:BSP_LCD_SetLayerWindow	24	static
stm32f429i_discovery_lcd.c:406:6:BSP_LCD_SetLayerWindow_NoReload	24	static
stm32f429i_discovery_lcd.c:420:6:BSP_LCD_SetColorKeying	16	static
stm32f429i_discovery_lcd.c:433:6:BSP_LCD_SetColorKeying_NoReload	16	static
stm32f429i_discovery_lcd.c:444:6:BSP_LCD_ResetColorKeying	16	static
stm32f429i_discovery_lcd.c:455:6:BSP_LCD_ResetColorKeying_NoReload	16	static
stm32f429i_discovery_lcd.c:468:6:BSP_LCD_Relaod	16	static
stm32f429i_discovery_lcd.c:477:10:BSP_LCD_GetTextColor	4	static
stm32f429i_discovery_lcd.c:486:10:BSP_LCD_GetBackColor	4	static
stm32f429i_discovery_lcd.c:495:6:BSP_LCD_SetTextColor	16	static
stm32f429i_discovery_lcd.c:504:6:BSP_LCD_SetBackColor	16	static
stm32f429i_discovery_lcd.c:513:6:BSP_LCD_SetFont	16	static
stm32f429i_discovery_lcd.c:522:8:BSP_LCD_GetFont	4	static
stm32f429i_discovery_lcd.c:533:10:BSP_LCD_ReadPixel	32	static
stm32f429i_discovery_lcd.c:567:6:BSP_LCD_Clear	40	static
stm32f429i_discovery_lcd.c:577:6:BSP_LCD_ClearStringLine	32	static
stm32f429i_discovery_lcd.c:595:6:BSP_LCD_DisplayChar	24	static
stm32f429i_discovery_lcd.c:612:6:BSP_LCD_DisplayStringAt	48	static
stm32f429i_discovery_lcd.c:666:6:BSP_LCD_DisplayStringAtLine	16	static
stm32f429i_discovery_lcd.c:677:6:BSP_LCD_DrawHLine	40	static
stm32f429i_discovery_lcd.c:694:6:BSP_LCD_DrawVLine	48	static
stm32f429i_discovery_lcd.c:712:6:BSP_LCD_DrawLine	56	static
stm32f429i_discovery_lcd.c:786:6:BSP_LCD_DrawRect	24	static
stm32f429i_discovery_lcd.c:803:6:BSP_LCD_DrawCircle	40	static
stm32f429i_discovery_lcd.c:842:6:BSP_LCD_DrawPolygon	32	static
stm32f429i_discovery_lcd.c:869:6:BSP_LCD_DrawEllipse	64	static
stm32f429i_discovery_lcd.c:901:6:BSP_LCD_DrawBitmap	56	static
stm32f429i_discovery_lcd.c:958:6:BSP_LCD_FillRect	48	static
stm32f429i_discovery_lcd.c:978:6:BSP_LCD_FillCircle	32	static
stm32f429i_discovery_lcd.c:1029:6:BSP_LCD_FillTriangle	56	static
stm32f429i_discovery_lcd.c:1102:6:BSP_LCD_FillPolygon	64	static
stm32f429i_discovery_lcd.c:1170:6:BSP_LCD_FillEllipse	56	static
stm32f429i_discovery_lcd.c:1198:6:BSP_LCD_DisplayOn	8	static
stm32f429i_discovery_lcd.c:1209:6:BSP_LCD_DisplayOff	8	static
stm32f429i_discovery_lcd.c:1224:13:BSP_LCD_MspInit	64	static
stm32f429i_discovery_lcd.c:1308:6:BSP_LCD_DrawPixel	24	static
stm32f429i_discovery_lcd.c:1320:13:DrawChar	40	static
stm32f429i_discovery_lcd.c:1377:13:FillBuffer	32	static
stm32f429i_discovery_lcd.c:1408:13:ConvertLineToARGB8888	32	static
